2021 - 07 - 16 13:59:56	첫 번째 로깅 문장입니다.
2021 - 07 - 16 14:00:20	첫 번째 로깅 문장입니다.
